// Jest Snapshot v1, https://goo.gl/fbAQLP

exports[`Navbar renders correctly 1`] = `
<nav
  className="shadow-md w-full fixed z-1000 top-0 left-0"
  data-testid="nav"
>
  <div
    className="md:flex items-center justify-between bg-white py-4 md:px-10 px-7"
  >
    <div
      className="font-bold text-2xl cursor-pointer flex items-center font-[Poppins]  text-cyan-600"
    >
      <span
        className="text-3xl text-cyan-600 mr-1 pt-2"
      >
        <a
          href="/"
          onClick={[Function]}
        >
          <img
            alt="logo"
            data-testid="logo-img"
            src="Logo.svg"
          />
        </a>
      </span>
    </div>
    <button
      className="text-3xl absolute right-8 top-6 cursor-pointer md:hidden"
      onClick={[Function]}
      type="button"
    >
      <ion-icon
        name="close"
      >
         
      </ion-icon>
    </button>
    <ul
      className="md:flex md:items-center md:pb-0 pb-12 absolute md:static bg-white md:z-auto z-[-1] left-0 w-full md:w-auto md:pl-0 pl-9 transition-all duration-500 ease-in top-30 "
    >
      <li
        className="md:ml-8 text-xl md:my-0 my-7"
      >
        <a
          className="text-cyan-600 hover:text-cyan-600 duration-500 hover:underline "
          href="/"
          onClick={[Function]}
        >
          Nav.home
        </a>
      </li>
      <li
        className="md:ml-8 text-xl md:my-0 my-7"
      >
        <a
          className="text-cyan-600 hover:text-cyan-600 duration-500 hover:underline "
          href="/about"
          onClick={[Function]}
        >
          Nav.about
        </a>
      </li>
      <li
        className="md:ml-8 text-xl md:my-0 my-7"
      >
        <a
          className="text-cyan-600 hover:text-cyan-600 duration-500 hover:underline "
          href="/blogs"
          onClick={[Function]}
        >
          Nav.blogs
        </a>
      </li>
      <li
        className="md:ml-8 text-xl md:my-0 my-7"
      >
        <a
          className="text-cyan-600 hover:text-cyan-600 duration-500 hover:underline "
          href="/contact"
          onClick={[Function]}
        >
          Nav.contact
        </a>
      </li>
      <a
        href="/signin "
        onClick={[Function]}
      >
        <button
          className="ml-0 md:ml-9 px-6 rounded-2xl py-1"
          id="mediumBlue-button"
          type="button"
        >
          Button.si
        </button>
      </a>
    </ul>
  </div>
</nav>
`;
