// Jest Snapshot v1, https://goo.gl/fbAQLP

exports[`renders correctly 1`] = `
<div
  className="grid grid-cols-1 lg:grid-cols-2 md:gap-10 mt-[50px] md:mt-[78px] pb-[24px] mr-[80px] ml-[89px] md:mx-[0px]"
  style={
    Object {
      "opacity": 0,
      "transform": "translateY(20px) translateZ(0)",
    }
  }
>
  <div>
    <img
      alt=""
      className="rounded aspect-square h-[100%] md:h-[500px]  w-[100%]"
      src="topViewLetters.jpg"
    />
  </div>
  <div
    className="flex-col text-[#ffffff]"
  >
    <button
      className="bg-[#FEDB9B] text-left rounded-[3px] text-[14px] relative duration-500 ease-in after:content-['â†’'] after:absolute after:opacity-0 hover:after:opacity-100 after:duration-300 after:ease-in  hover:after:right-1 after:text-[20px] after:font-extrabold after:right-[0px] z-10 after:bottom-[6px]  hover:w-[8rem]  w-[6rem] text-[#4699C2] font-bold leading-4 tracking-[0.3px] px-[10px] py-[5px] mt-[17px] md:mt-[25px]"
      onClick={[Function]}
      type="button"
    >
      Read More
    </button>
    <p
      className="text-[18px]  first-letter:uppercase  md:text-2xl lg:text-2xl xl:text-3xl 2xl:text-4xl font-light mt-[10px] md:mt-[20px] md:drop-shadow-[0_4px_4px_rgba(0,0,0,0.25)]"
    />
    <div
      className="flex mt-[30px] md:mt-10"
      width={30}
    >
      <div
        className="bg-[#FEDB9B] rounded-full mr-[21px] self-center"
      >
        <img
          alt=""
          className=" rounded-full w-[30px] h-[28px] md:w-[35px] md:h-[35px]"
          src="man.png"
        />
      </div>
      <div>
        <a
          className="mb-[6px] font-bold text-[16px]"
          href="#home"
        />
        <p
          className="font-light text-[14px] text-[#E9E9E9]"
        >
          Refugee in Turkey
        </p>
      </div>
    </div>
  </div>
</div>
`;
