// Jest Snapshot v1, https://goo.gl/fbAQLP

exports[`renders correctly 1`] = `
<div
  className="flex justify-center"
>
  <img
    alt="/"
    className="w-full h-1/2"
    src="aboutUs.png"
  />
</div>
`;
