// Jest Snapshot v1, https://goo.gl/fbAQLP

exports[`renders correctly 1`] = `
<div
  className="flex flex-col items-center"
  style={
    Object {
      "opacity": 0,
      "transform": "rotateY(90deg) translateZ(0)",
    }
  }
>
  <div>
    <h1
      className="mt-[37px] md:mt-[126px] mb-[14px] md:mb-[43px] text-[32px] md:text-[64px] text-[#025594] font-bold leading-[38px] md:leading-[75px]"
    >
      About.our-story
    </h1>
  </div>
  <div
    className="mb-[50px] md:mb-[129px]"
  >
    <p
      className="max-w-[312px] md:max-w-[817px] text-center text-[16px] md:text-[24px] font-normal leading-loose md:leading-[36px]"
    >
      About.our-story-paragraph-p1
    </p>
    <p
      className="max-w-[312px] md:max-w-[817px] text-center text-[16px] md:text-[24px] font-normal leading-loose md:leading-[36px] mt-[30px]"
    >
      About.our-story-paragraph-p2
    </p>
  </div>
</div>
`;
