// Jest Snapshot v1, https://goo.gl/fbAQLP

exports[`renders correctly 1`] = `
<div
  className="flex justify-center mt-[62px] mb-[82px]"
>
  <button
    className="text-[#025594] font-medium rounded-full hover:bg-[#025594] hover:text-[#ffffff] px-[17px] py-[4px]"
    onClick={[Function]}
    type="button"
  >
    About.our-team-countries.view-all
  </button>
  <button
    className="text-[#025594] font-medium rounded-full hover:bg-[#025594] hover:text-[#ffffff] px-[17px] py-[4px]"
    onClick={[Function]}
    type="button"
  >
    About.our-team-countries.USA
  </button>
  <button
    className="text-[#025594] font-medium rounded-full hover:bg-[#025594] hover:text-[#ffffff] px-[17px] py-[4px]"
    onClick={[Function]}
    type="button"
  >
    About.our-team-countries.Turkey
  </button>
  <button
    className="text-[#025594] font-medium rounded-full hover:bg-[#025594] hover:text-[#ffffff] px-[17px] py-[4px]"
    onClick={[Function]}
    type="button"
  >
    About.our-team-countries.Lebanon
  </button>
</div>
`;
