// Jest Snapshot v1, https://goo.gl/fbAQLP

exports[`renders correctly 1`] = `
<div>
  <div
    className="aboutfont flex flex-col"
  >
    <div
      className=" self-center"
    >
      <h2
        className="text-center text-darkBlue font-bold text-[28px] mt-[43px]"
      >
        Home.about
      </h2>
      <p
        className=" text-center text-[17px] max-w-[800px] p-[7px] leading-5"
      >
        Home.about-p
      </p>
    </div>
    <div
      className=" self-center"
    >
      <a
        href="/about"
        onClick={[Function]}
      >
        <button
          className="my-9 px-6 rounded-2xl  py-1"
          id="mediumBlue-button"
          type="button"
        >
           
          Button.learn
        </button>
         
      </a>
    </div>
  </div>
  <div
    className="flex flex-col-reverse self-center lg:flex-row w-full flex justify-center"
  >
    <div
      className="lg:block self-center hidden "
    >
      <div
        className="flex "
      >
        <div
          className="p-5"
        >
          <div
            className="flex"
          >
            <svg
              aria-hidden="true"
              className="w-7 mr-4"
              fill="none"
              stroke="currentColor"
              strokeWidth={1.5}
              viewBox="0 0 24 24"
              xmlns="http://www.w3.org/2000/svg"
            >
              <path
                d="M11.48 3.499a.562.562 0 011.04 0l2.125 5.111a.563.563 0 00.475.345l5.518.442c.499.04.701.663.321.988l-4.204 3.602a.563.563 0 00-.182.557l1.285 5.385a.562.562 0 01-.84.61l-4.725-2.885a.563.563 0 00-.586 0L6.982 20.54a.562.562 0 01-.84-.61l1.285-5.386a.562.562 0 00-.182-.557l-4.204-3.602a.563.563 0 01.321-.988l5.518-.442a.563.563 0 00.475-.345L11.48 3.5z"
                strokeLinecap="round"
                strokeLinejoin="round"
              />
            </svg>
            <h5
              className="font-bold text-[16px] p-[13px]"
            >
              Home.p1
            </h5>
          </div>
          <p
            className="text-left max-w-[224px]"
          >
            Home.p1-p
          </p>
        </div>
        <div
          className="p-5"
        >
          <div
            className="flex"
          >
            <svg
              aria-hidden="true"
              className="w-7 mr-4"
              fill="none"
              stroke="currentColor"
              strokeWidth={1.5}
              viewBox="0 0 24 24"
              xmlns="http://www.w3.org/2000/svg"
            >
              <path
                d="M11.48 3.499a.562.562 0 011.04 0l2.125 5.111a.563.563 0 00.475.345l5.518.442c.499.04.701.663.321.988l-4.204 3.602a.563.563 0 00-.182.557l1.285 5.385a.562.562 0 01-.84.61l-4.725-2.885a.563.563 0 00-.586 0L6.982 20.54a.562.562 0 01-.84-.61l1.285-5.386a.562.562 0 00-.182-.557l-4.204-3.602a.563.563 0 01.321-.988l5.518-.442a.563.563 0 00.475-.345L11.48 3.5z"
                strokeLinecap="round"
                strokeLinejoin="round"
              />
            </svg>
            <h5
              className="font-bold text-[16px] p-[13px]"
            >
              Home.p2
            </h5>
          </div>
          <p
            className="text-left max-w-[224px]"
          >
            Home.p2-p
          </p>
        </div>
      </div>
      <div
        className="flex"
      >
        <div
          className="p-5"
        >
          <div
            className="flex"
          >
            <svg
              aria-hidden="true"
              className="w-7 mr-4"
              fill="none"
              stroke="currentColor"
              strokeWidth={1.5}
              viewBox="0 0 24 24"
              xmlns="http://www.w3.org/2000/svg"
            >
              <path
                d="M11.48 3.499a.562.562 0 011.04 0l2.125 5.111a.563.563 0 00.475.345l5.518.442c.499.04.701.663.321.988l-4.204 3.602a.563.563 0 00-.182.557l1.285 5.385a.562.562 0 01-.84.61l-4.725-2.885a.563.563 0 00-.586 0L6.982 20.54a.562.562 0 01-.84-.61l1.285-5.386a.562.562 0 00-.182-.557l-4.204-3.602a.563.563 0 01.321-.988l5.518-.442a.563.563 0 00.475-.345L11.48 3.5z"
                strokeLinecap="round"
                strokeLinejoin="round"
              />
            </svg>
            <h5
              className="font-bold text-[16px] p-[13px]"
            >
              Home.p3
            </h5>
          </div>
          <p
            className="text-left max-w-[224px]"
          >
            Home.p3-p
          </p>
        </div>
        <div
          className="p-5"
        >
          <div
            className="flex"
          >
            <svg
              aria-hidden="true"
              className="w-7 mr-4"
              fill="none"
              stroke="currentColor"
              strokeWidth={1.5}
              viewBox="0 0 24 24"
              xmlns="http://www.w3.org/2000/svg"
            >
              <path
                d="M11.48 3.499a.562.562 0 011.04 0l2.125 5.111a.563.563 0 00.475.345l5.518.442c.499.04.701.663.321.988l-4.204 3.602a.563.563 0 00-.182.557l1.285 5.385a.562.562 0 01-.84.61l-4.725-2.885a.563.563 0 00-.586 0L6.982 20.54a.562.562 0 01-.84-.61l1.285-5.386a.562.562 0 00-.182-.557l-4.204-3.602a.563.563 0 01.321-.988l5.518-.442a.563.563 0 00.475-.345L11.48 3.5z"
                strokeLinecap="round"
                strokeLinejoin="round"
              />
            </svg>
            <h5
              className="font-bold text-[16px] p-[13px]"
            >
              Home.p4
            </h5>
          </div>
          <p
            className="text-left max-w-[224px]"
          >
            Home.p4-p
          </p>
        </div>
      </div>
    </div>
    <div
      className="about-swiper block lg:hidden  bg-inlightBlue w-full lg:w-1/2 "
    >
      <Swiper
        autoplay={
          Object {
            "delay": 2500,
            "disableOnInteraction": false,
          }
        }
        centeredSlides="true"
        className="about-swiper mySwiper lg:w-full"
        modules={
          Array [
            undefined,
            "Pagination",
          ]
        }
        pagination={
          Object {
            "clickable": true,
          }
        }
      >
        <SwiperSlide>
          <div>
            <div
              className="flex"
            >
              <svg
                aria-hidden="true"
                className="w-7 mr-4"
                fill="none"
                stroke="currentColor"
                strokeWidth={1.5}
                viewBox="0 0 24 24"
                xmlns="http://www.w3.org/2000/svg"
              >
                <path
                  d="M11.48 3.499a.562.562 0 011.04 0l2.125 5.111a.563.563 0 00.475.345l5.518.442c.499.04.701.663.321.988l-4.204 3.602a.563.563 0 00-.182.557l1.285 5.385a.562.562 0 01-.84.61l-4.725-2.885a.563.563 0 00-.586 0L6.982 20.54a.562.562 0 01-.84-.61l1.285-5.386a.562.562 0 00-.182-.557l-4.204-3.602a.563.563 0 01.321-.988l5.518-.442a.563.563 0 00.475-.345L11.48 3.5z"
                  strokeLinecap="round"
                  strokeLinejoin="round"
                />
              </svg>
              <h5
                className="font-bold text-[16px] p-[13px]"
              >
                Home.p1
              </h5>
            </div>
            <p
              className="text-left max-w-[224px]"
            >
              Home.p1-p
            </p>
          </div>
        </SwiperSlide>
        <SwiperSlide>
          <div>
            <div
              className="flex"
            >
              <svg
                aria-hidden="true"
                className="w-7 mr-4"
                fill="none"
                stroke="currentColor"
                strokeWidth={1.5}
                viewBox="0 0 24 24"
                xmlns="http://www.w3.org/2000/svg"
              >
                <path
                  d="M11.48 3.499a.562.562 0 011.04 0l2.125 5.111a.563.563 0 00.475.345l5.518.442c.499.04.701.663.321.988l-4.204 3.602a.563.563 0 00-.182.557l1.285 5.385a.562.562 0 01-.84.61l-4.725-2.885a.563.563 0 00-.586 0L6.982 20.54a.562.562 0 01-.84-.61l1.285-5.386a.562.562 0 00-.182-.557l-4.204-3.602a.563.563 0 01.321-.988l5.518-.442a.563.563 0 00.475-.345L11.48 3.5z"
                  strokeLinecap="round"
                  strokeLinejoin="round"
                />
              </svg>
              <h5
                className="font-bold text-[16px] p-[13px]"
              >
                Home.p2
              </h5>
            </div>
            <p
              className="text-left max-w-[224px]"
            >
              Home.p2-p
            </p>
          </div>
        </SwiperSlide>
        <SwiperSlide>
          <div>
            <div
              className="flex"
            >
              <svg
                aria-hidden="true"
                className="w-7 mr-4"
                fill="none"
                stroke="currentColor"
                strokeWidth={1.5}
                viewBox="0 0 24 24"
                xmlns="http://www.w3.org/2000/svg"
              >
                <path
                  d="M11.48 3.499a.562.562 0 011.04 0l2.125 5.111a.563.563 0 00.475.345l5.518.442c.499.04.701.663.321.988l-4.204 3.602a.563.563 0 00-.182.557l1.285 5.385a.562.562 0 01-.84.61l-4.725-2.885a.563.563 0 00-.586 0L6.982 20.54a.562.562 0 01-.84-.61l1.285-5.386a.562.562 0 00-.182-.557l-4.204-3.602a.563.563 0 01.321-.988l5.518-.442a.563.563 0 00.475-.345L11.48 3.5z"
                  strokeLinecap="round"
                  strokeLinejoin="round"
                />
              </svg>
              <h5
                className="font-bold text-[16px] p-[13px]"
              >
                Home.p3
              </h5>
            </div>
            <p
              className="text-left max-w-[224px]"
            >
              Home.p3-p
            </p>
          </div>
        </SwiperSlide>
        <SwiperSlide>
          <div>
            <div
              className="flex"
            >
              <svg
                aria-hidden="true"
                className="w-7 mr-4"
                fill="none"
                stroke="currentColor"
                strokeWidth={1.5}
                viewBox="0 0 24 24"
                xmlns="http://www.w3.org/2000/svg"
              >
                <path
                  d="M11.48 3.499a.562.562 0 011.04 0l2.125 5.111a.563.563 0 00.475.345l5.518.442c.499.04.701.663.321.988l-4.204 3.602a.563.563 0 00-.182.557l1.285 5.385a.562.562 0 01-.84.61l-4.725-2.885a.563.563 0 00-.586 0L6.982 20.54a.562.562 0 01-.84-.61l1.285-5.386a.562.562 0 00-.182-.557l-4.204-3.602a.563.563 0 01.321-.988l5.518-.442a.563.563 0 00.475-.345L11.48 3.5z"
                  strokeLinecap="round"
                  strokeLinejoin="round"
                />
              </svg>
              <h5
                className="font-bold text-[16px] p-[13px]"
              >
                Home.p4
              </h5>
            </div>
            <p
              className="text-left max-w-[224px]"
            >
              Home.p4-p
            </p>
          </div>
        </SwiperSlide>
      </Swiper>
    </div>
    <div
      className=" flex justify-center  w-full lg:w-1/2"
    >
      <img
        alt="/"
        className=" w-[500px] lg:w-full "
        src="about-image.svg"
      />
    </div>
  </div>
</div>
`;
