// Jest Snapshot v1, https://goo.gl/fbAQLP

exports[`EditBlog renders correctly 1`] = `
<div
  className="w-full"
>
  <form
    className="flex flex-col justify-center md:justify-start "
    name="contact"
    onSubmit={[Function]}
  >
    <div
      className="image-div flex flex-col  gap-2 my-2 text-darkGrey"
    >
      <label
        className=""
        htmlFor="imageUrl"
      >
        Choose a banner image:
      </label>
      <input
        accept="image/png, image/jpeg"
        className="bg-white w-full px-3 py-2.5"
        id="ImageUrl"
        max="1"
        onChange={[Function]}
        required={true}
        type="file"
      />
    </div>
    <div
      className="input-div flex flex-col  mt-5 gap-2 my-2 "
    >
      <label
        className="text-darkGrey"
      >
        Title:
      </label>
      <input
        className="border-1  w-full border border-darkGrey"
        id="title"
        onChange={[Function]}
        placeholder="Write Title"
        required={true}
        type=""
        value=""
      />
    </div>
    <div
      className="input-div flex flex-col  mt-5 gap-2 my-2 "
    >
      <label
        className="text-darkGrey"
      >
        Article Preview
      </label>
      <input
        className="border-1 border w-full border-darkGrey"
        id="text"
        onChange={[Function]}
        placeholder="You write your blog preview.."
        required={true}
        type=""
        value=""
      />
    </div>
    <div
      className="blog-div flex flex-col  mt-5 gap-2 my-2"
    >
      <label
        className="text-darkGrey"
      >
        Blog:
      </label>
      <textarea
        className="rounded-full border max-h-[300px] border-1 border-darkGrey"
        id="content"
        onChange={[Function]}
        placeholder="Write Blog"
        required={true}
        value=""
      />
    </div>
    <div
      className="flex justify-center md:justify-start items-center mt-2"
    >
      <button
        className="w-32 rounded-full mt-2 whitespace-nowrap py-2"
        id="mediumBlue-button"
        onClick={[Function]}
        type="submit"
      >
        Submit Blog
      </button>
    </div>
  </form>
  <div
    className="Toastify"
  />
</div>
`;
