// Jest Snapshot v1, https://goo.gl/fbAQLP

exports[`WriteBlog renders correctly 1`] = `
<div
  className="w-full"
>
  <form
    className="flex flex-col justify-center md:justify-start "
    name="contact"
    onSubmit={[Function]}
  >
    <div
      className="image-div flex flex-col  gap-2 my-2 text-darkGrey"
    >
      <label
        className=""
        htmlFor="imageUrl"
      >
        Blog.ChooseImage
      </label>
      <input
        accept="image/png, image/jpeg"
        className="bg-white w-full px-3 py-2.5"
        id="ImageUrl"
        max="1"
        onChange={[Function]}
        required={true}
        type="file"
      />
    </div>
    <div
      className="input-div flex flex-col  mt-5 gap-2 my-2 "
    >
      <label
        className="text-darkGrey"
      >
        Blog.Title
      </label>
      <input
        className="border-1  w-full border border-darkGrey"
        id="title"
        onChange={[Function]}
        placeholder="Blog.TitlePlaceholder"
        required={true}
        type=""
      />
    </div>
    <div
      className="input-div flex flex-col  mt-5 gap-2 my-2 "
    >
      <label
        className="text-darkGrey"
      >
        Blog.Preview
      </label>
      <input
        className="border-1 border w-full border-darkGrey"
        id="text"
        onChange={[Function]}
        placeholder="Blog.PreviewPlaceholder"
        required={true}
        type=""
      />
    </div>
    <div
      className="blog-div flex flex-col  mt-5 gap-2 my-2"
    >
      <label
        className="text-darkGrey"
      >
        Blog.Blog
      </label>
      <textarea
        className="rounded-full border max-h-[300px] border-1 border-darkGrey"
        id="content"
        onChange={[Function]}
        placeholder="Blog.BlogPlaceholder"
        required={true}
      />
    </div>
    <div
      className="flex justify-center md:justify-between items-center mt-2"
    >
      <button
        className="w-32 rounded-full mt-2 whitespace-nowrap py-2"
        id="mediumBlue-button"
        onClick={[Function]}
        type="submit"
      >
        Blog.SubmitBlog
      </button>
      <button
        className="w-32 ml-4 rounded-full mt-2 whitespace-nowrap py-2"
        id="mediumBlue-button"
        onClick={[Function]}
        type="button"
      >
        Go Back
      </button>
    </div>
  </form>
  <div
    className="Toastify"
  />
</div>
`;
