// Jest Snapshot v1, https://goo.gl/fbAQLP

exports[`renders correctly 1`] = `
<footer
  className=" relative z-10 flex   container mx-auto flex-col md:flex-row items-center justify-center bg-white py-10 px-5"
>
  <div
    className="flex justify-center items-center  mt-5 mb-5 md:mt-1 md:mb-1 mx-auto flex-shrink-0"
  >
    <a
      className="brightness-[70%] hover:brightness-[110%] duration-500"
      href="#navbar"
    >
      <img
        alt="Refubook-logo"
        src="Logo.svg"
      />
    </a>
  </div>
  <div
    className="w-full mb-2 md:mb-1 lg:ml-3 flex-grow lg:flex lg:items-center lg:w-auto"
    data-testid="f-links"
  >
    <ul
      className="flex gap-8 items-center font-medium justify-center"
    >
      <li
        className=""
      >
        <a
          className="text-darkGrey hover:text-darkBlue"
          href="/"
          onClick={[Function]}
        >
          Footer.home
        </a>
      </li>
      <li
        className=""
      >
        <a
          className="text-darkGrey hover:text-darkBlue"
          href="/about"
          onClick={[Function]}
        >
          Footer.about
        </a>
      </li>
      <li
        className=""
      >
        <a
          className="text-darkGrey hover:text-darkBlue"
          href="/contact"
          onClick={[Function]}
        >
          Footer.contact
        </a>
      </li>
      <li
        className=""
      >
        <a
          className="text-darkGrey hover:text-darkBlue"
          href="/blogs"
          onClick={[Function]}
        >
          Footer.blogs
        </a>
      </li>
    </ul>
  </div>
  <div
    className="mx-auto mt-5 sm:mt-1 flex lg:justify-center"
  >
    <div
      className="flex justify-between flex-row"
    >
      <div
        className="flex justify-between items-center mr-3"
      >
        <a
          href="/signup"
          onClick={[Function]}
        >
          <button
            className="px-8 whitespace-nowrap rounded-full"
            id="mediumBlue-button"
            type="button"
          >
            Button.su
          </button>
        </a>
      </div>
      <div
        className=""
      >
        <select
          className="rounded-full border border-solid outline-none text-darkGrey font-medium border-mediumBlue px-8"
          onChange={[Function]}
        >
          <option
            className="border-mediumBlue "
            value="en"
          >
            English
          </option>
          <option
            value="ar"
          >
            العربية
          </option>
        </select>
      </div>
    </div>
  </div>
</footer>
`;
